python : Traceback (most recent call last):
所在位置 行:1 字符: 1
+ python test_three_agents_pipeline.py 2>&1 | Tee-Object -FilePath test ..
.
+ ~~~~~~~~~~~~~~~~~~~~~~~~~~~~~~~~~~~~~~~~~
    + CategoryInfo          : NotSpecified: (Traceback (most recent call  
   last)::String) [], RemoteException
    + FullyQualifiedErrorId : NativeCommandError
 
  File "E:\装修说明书项目\test_three_agents_pipeline.py", line 735, in <module>
    main()
    ~~~~^^
  File "E:\装修说明书项目\test_three_agents_pipeline.py", line 717, in main
    print(f"\U0001f4c4 PDF文件目录: {pdf_dir}")
    ~~~~~^^^^^^^^^^^^^^^^^^^^^^^^^^^^^^
UnicodeEncodeError: 'gbk' codec can't encode character '\U0001f4c4' in pos
ition 0: illegal multibyte sequence
